============================= test session starts =============================
platform win32 -- Python 3.12.13, pytest-9.1.1, pluggy-1.6.0 -- C:\Users\serge\OneDrive\Documents\GitHub\ASKTHEPEOPLE\backend\.venv\Scripts\python.exe
cachedir: .pytest_cache
rootdir: C:\Users\serge\OneDrive\Documents\GitHub\ASKTHEPEOPLE\backend
configfile: pyproject.toml
plugins: anyio-4.14.2, asyncio-1.4.0, env-1.7.0
asyncio: mode=Mode.AUTO, debug=False, asyncio_default_fixture_loop_scope=function, asyncio_default_test_loop_scope=function
collecting ... collected 1 item

tests/test_prepare_check_semantics.py::test_reviewed_decision_lens_runtime_is_prepared_without_legacy_exports FAILEDTraceback (most recent call last):
  File "<frozen runpy>", line 198, in _run_module_as_main
  File "<frozen runpy>", line 88, in _run_code
  File "C:\Users\serge\OneDrive\Documents\GitHub\ASKTHEPEOPLE\backend\.venv\Scripts\pytest.exe\__main__.py", line 10, in <module>
  File "C:\Users\serge\OneDrive\Documents\GitHub\ASKTHEPEOPLE\backend\.venv\Lib\site-packages\_pytest\config\__init__.py", line 253, in _console_main
    code = _main(prog=_get_prog_name(sys.argv))
           ^^^^^^^^^^^^^^^^^^^^^^^^^^^^^^^^^^^^
  File "C:\Users\serge\OneDrive\Documents\GitHub\ASKTHEPEOPLE\backend\.venv\Lib\site-packages\_pytest\config\__init__.py", line 229, in _main
    ret: ExitCode | int = config.hook.pytest_cmdline_main(config=config)
                          ^^^^^^^^^^^^^^^^^^^^^^^^^^^^^^^^^^^^^^^^^^^^^^
  File "C:\Users\serge\OneDrive\Documents\GitHub\ASKTHEPEOPLE\backend\.venv\Lib\site-packages\pluggy\_hooks.py", line 512, in __call__
    return self._hookexec(self.name, self._hookimpls.copy(), kwargs, firstresult)
           ^^^^^^^^^^^^^^^^^^^^^^^^^^^^^^^^^^^^^^^^^^^^^^^^^^^^^^^^^^^^^^^^^^^^^^
  File "C:\Users\serge\OneDrive\Documents\GitHub\ASKTHEPEOPLE\backend\.venv\Lib\site-packages\pluggy\_manager.py", line 120, in _hookexec
    return self._inner_hookexec(hook_name, methods, kwargs, firstresult)
           ^^^^^^^^^^^^^^^^^^^^^^^^^^^^^^^^^^^^^^^^^^^^^^^^^^^^^^^^^^^^^
  File "C:\Users\serge\OneDrive\Documents\GitHub\ASKTHEPEOPLE\backend\.venv\Lib\site-packages\pluggy\_callers.py", line 167, in _multicall
    raise exception
  File "C:\Users\serge\OneDrive\Documents\GitHub\ASKTHEPEOPLE\backend\.venv\Lib\site-packages\pluggy\_callers.py", line 121, in _multicall
    res = hook_impl.function(*args)
          ^^^^^^^^^^^^^^^^^^^^^^^^^
  File "C:\Users\serge\OneDrive\Documents\GitHub\ASKTHEPEOPLE\backend\.venv\Lib\site-packages\_pytest\main.py", line 377, in pytest_cmdline_main
    return wrap_session(config, _main)
           ^^^^^^^^^^^^^^^^^^^^^^^^^^^
  File "C:\Users\serge\OneDrive\Documents\GitHub\ASKTHEPEOPLE\backend\.venv\Lib\site-packages\_pytest\main.py", line 365, in wrap_session
    config.hook.pytest_sessionfinish(
  File "C:\Users\serge\OneDrive\Documents\GitHub\ASKTHEPEOPLE\backend\.venv\Lib\site-packages\pluggy\_hooks.py", line 512, in __call__
    return self._hookexec(self.name, self._hookimpls.copy(), kwargs, firstresult)
           ^^^^^^^^^^^^^^^^^^^^^^^^^^^^^^^^^^^^^^^^^^^^^^^^^^^^^^^^^^^^^^^^^^^^^^
  File "C:\Users\serge\OneDrive\Documents\GitHub\ASKTHEPEOPLE\backend\.venv\Lib\site-packages\pluggy\_manager.py", line 120, in _hookexec
    return self._inner_hookexec(hook_name, methods, kwargs, firstresult)
           ^^^^^^^^^^^^^^^^^^^^^^^^^^^^^^^^^^^^^^^^^^^^^^^^^^^^^^^^^^^^^
  File "C:\Users\serge\OneDrive\Documents\GitHub\ASKTHEPEOPLE\backend\.venv\Lib\site-packages\pluggy\_callers.py", line 167, in _multicall
    raise exception
  File "C:\Users\serge\OneDrive\Documents\GitHub\ASKTHEPEOPLE\backend\.venv\Lib\site-packages\pluggy\_callers.py", line 139, in _multicall
    teardown.throw(exception)
  File "C:\Users\serge\OneDrive\Documents\GitHub\ASKTHEPEOPLE\backend\.venv\Lib\site-packages\_pytest\logging.py", line 888, in pytest_sessionfinish
    return (yield)
            ^^^^^
  File "C:\Users\serge\OneDrive\Documents\GitHub\ASKTHEPEOPLE\backend\.venv\Lib\site-packages\pluggy\_callers.py", line 139, in _multicall
    teardown.throw(exception)
  File "C:\Users\serge\OneDrive\Documents\GitHub\ASKTHEPEOPLE\backend\.venv\Lib\site-packages\_pytest\terminal.py", line 961, in pytest_sessionfinish
    result = yield
             ^^^^^
  File "C:\Users\serge\OneDrive\Documents\GitHub\ASKTHEPEOPLE\backend\.venv\Lib\site-packages\pluggy\_callers.py", line 139, in _multicall
    teardown.throw(exception)
  File "C:\Users\serge\OneDrive\Documents\GitHub\ASKTHEPEOPLE\backend\.venv\Lib\site-packages\_pytest\warnings.py", line 119, in pytest_sessionfinish
    return (yield)
            ^^^^^
  File "C:\Users\serge\OneDrive\Documents\GitHub\ASKTHEPEOPLE\backend\.venv\Lib\site-packages\pluggy\_callers.py", line 121, in _multicall
    res = hook_impl.function(*args)
          ^^^^^^^^^^^^^^^^^^^^^^^^^
  File "C:\Users\serge\OneDrive\Documents\GitHub\ASKTHEPEOPLE\backend\.venv\Lib\site-packages\_pytest\tmpdir.py", line 340, in pytest_sessionfinish
    tmp_path_factory._exit_stack.close()
  File "C:\Users\serge\AppData\Roaming\uv\python\cpython-3.12-windows-x86_64-none\Lib\contextlib.py", line 618, in close
    self.__exit__(None, None, None)
  File "C:\Users\serge\AppData\Roaming\uv\python\cpython-3.12-windows-x86_64-none\Lib\contextlib.py", line 610, in __exit__
    raise exc_details[1]
  File "C:\Users\serge\AppData\Roaming\uv\python\cpython-3.12-windows-x86_64-none\Lib\contextlib.py", line 595, in __exit__
    if cb(*exc_details):
       ^^^^^^^^^^^^^^^^
  File "C:\Users\serge\AppData\Roaming\uv\python\cpython-3.12-windows-x86_64-none\Lib\contextlib.py", line 478, in _exit_wrapper
    callback(*args, **kwds)
  File "C:\Users\serge\OneDrive\Documents\GitHub\ASKTHEPEOPLE\backend\.venv\Lib\site-packages\_pytest\pathlib.py", line 371, in cleanup_numbered_dir
    cleanup_dead_symlinks(root)
  File "C:\Users\serge\OneDrive\Documents\GitHub\ASKTHEPEOPLE\backend\.venv\Lib\site-packages\_pytest\pathlib.py", line 356, in cleanup_dead_symlinks
    if not left_dir.resolve().exists():
           ^^^^^^^^^^^^^^^^^^^^^^^^^^^
  File "C:\Users\serge\AppData\Roaming\uv\python\cpython-3.12-windows-x86_64-none\Lib\pathlib.py", line 860, in exists
    self.stat(follow_symlinks=follow_symlinks)
  File "C:\Users\serge\AppData\Roaming\uv\python\cpython-3.12-windows-x86_64-none\Lib\pathlib.py", line 840, in stat
    return os.stat(self, follow_symlinks=follow_symlinks)
           ^^^^^^^^^^^^^^^^^^^^^^^^^^^^^^^^^^^^^^^^^^^^^^
PermissionError: [WinError 5] Access is denied: 'C:\\Users\\serge\\AppData\\Local\\Temp\\pytest-of-serge\\pytest-current'
